
**************************************************************************
* IOSv is strictly limited to use for evaluation, demonstration and IOS  *
* education. IOSv is provided as-is and is not supported by Cisco's      *
* Technical Advisory Center. Any use or disclosure, in whole or in part, *
* of the IOSv Software or Documentation to any third party for any       *
* purposes is expressly prohibited except as otherwise authorized by     *
* Cisco in writing.                                                      *
**************************************************************************
Switch>en
Switch#conf t
Enter configuration commands, one per line.  End with CNTL/Z.
Switch(config)#hostname sw1
sw1(config)#hostname SW1
SW1(config)#
SW1#copy running-config startup-config
Destination filename [startup-config]?
*Apr 14 10:58:20.836: %SYS-5-CONFIG_I: Configured from console by console
Building configuration...
Compressed configuration from 3505 bytes to 1553 bytes[OK]
SW1#
*Apr 14 10:58:29.010: %GRUB-5-CONFIG_WRITING: GRUB configuration is being updated on disk. Please wait...
*Apr 14 10:58:29.831: %GRUB-5-CONFIG_WRITTEN: GRUB configuration was written to disk successfully.
SW1#conf t
Enter configuration commands, one per line.  End with CNTL/Z.
SW1(config)#
SW1#conf
*Apr 14 11:10:41.899: %SYS-5-CONFIG_I: Configured from console by con
SW1#config-if-range
 (255.255.255.255)
Translating "config-if-range"...domain server (255.255.255.255)
% Unknown command or computer name, or unable to find computer address
SW1#
SW1#
SW1#
SW1#conf t
Enter configuration commands, one per line.  End with CNTL/Z.
SW1(config)#vlan 10
SW1(config-vlan)#name Engineering
SW1(config-vlan)#VLAN 20
SW1(config-vlan)#name Marketing
SW1(config-vlan)#VLAN 30
SW1(config-vlan)#name Research
SW1(config-vlan)#VLAN 40
SW1(config-vlan)#name Sales
SW1(config-vlan)#VLAN 50
SW1(config-vlan)#name Management
SW1(config-vlan)#int g1/0
SW1(config-if)#switchport mo
SW1(config-if)#switchport mode access
SW1(config-if)#switchport mode access
SW1(config-if)#switchport mode access vlan 10
                                      ^
% Invalid input detected at '^' marker.

SW1(config-if)#switchport access vlan 10
SW1(config-if)#
*Apr 14 11:15:19.862: %CDP-4-NATIVE_VLAN_MISMATCH: Native VLAN mismatch discovered on GigabitEthernet1/0 (10), with SW2 GigabitEthernet1/0 (1).
SW1#sh
*Apr 14 11:15:39.609: %SYS-5-CONFIG_I: Configured from console by consoleow i
SW1#show i
SW1#show i
% Ambiguous command:  "show i"
SW1#show in
SW1#show interf
SW1#show interfaces g1/0 swit
SW1#show interfaces g1/0 switchport
Name: Gi1/0
Switchport: Enabled
Administrative Mode: static access
Operational Mode: static access
Administrative Trunking Encapsulation: negotiate
Operational Trunking Encapsulation: native
Negotiation of Trunking: Off
Access Mode VLAN: 10 (Engineering)
Trunking Native Mode VLAN: 1 (default)
Administrative Native VLAN tagging: enabled
Voice VLAN: none
Administrative private-vlan host-association: none
Administrative private-vlan mapping: none
Administrative private-vlan trunk native VLAN: none
Administrative private-vlan trunk Native VLAN tagging: enabled
Administrative private-vlan trunk encapsulation: dot1q
Administrative private-vlan trunk normal VLANs: none
Administrative private-vlan trunk associations: none
Administrative private-vlan trunk mappings: none
Operational private-vlan: none
Trunking VLANs Enabled: ALL
Pruning VLANs Enabled: 2-1001
Capture Mode Disabled
 --More--
*Apr 14 11:16:16.886: %CDP-4-NATIVE_VLAN_MISMATCH: Native VLAN mismatch discovered on GigabitEthernet1/0 (10), with SW2 GigabitEthernCapture VLANs Allowed: ALL

SW1#conf t
Enter configuration commands, one per line.  End with CNTL/Z.
SW1(config)#swit
SW1(config)#switpor
*Apr 14 11:17:13.296: %CDP-4-NATIVE_VLAN_MISMATCH: Native VLAN mismatch discovered on GigabitEthernet1/0 (10), with SW2 GigabitEthernet1/0 (1).t
SW1(config)#switport mode
SW1(config)#switport mode acc
SW1(config)#switport mode acc
SW1(config)#switport mode acc
SW1(config)#int g1/1
SW1(config-if)#switchport mode access
SW1(config-if)#switchport access vlan 20
SW1(config-if)#
*Apr 14 11:18:08.988: %CDP-4-NATIVE_VLAN_MISMATCH: Native VLAN mismatch discovered on GigabitEthernet1/0 (10), with SW2 GigabitEthernet1/0 (1).
*Apr 14 11:18:09.718: %CDP-4-NATIVE_VLAN_MISMATCH: Native VLAN mismatch discovered on GigabitEthernet1/1 (20), with SW2 GigabitEthernet1/1 (1).
SW1(config-if)#do show int
% Ambiguous command:  "do show int"
SW1(config-if)#do show int g1/1 swit
% Ambiguous command:  "do show int g1/1 swit"
SW1(config-if)#do show int g1/1 switchport
Name: Gi1/1
Switchport: Enabled
Administrative Mode: static access
Operational Mode: static access
Administrative Trunking Encapsulation: negotiate
Operational Trunking Encapsulation: native
Negotiation of Trunking: Off
Access Mode VLAN: 20 (Marketing)
Trunking Native Mode VLAN: 1 (default)
Administrative Native VLAN tagging: enabled
Voice VLAN: none
Administrative private-vlan host-association: none
Administrative private-vlan mapping: none
Administrative private-vlan trunk native VLAN: none
Administrative private-vlan trunk Native VLAN tagging: enabled
Administrative private-vlan trunk encapsulation: dot1q
Administrative private-vlan trunk normal VLANs: none
Administrative private-vlan trunk associations: none
Administrative private-vlan trunk mappings: none
Operational private-vlan: none
Trunking VLANs Enabled: ALL
Pruning VLANs Enabled: 2-1001
Capture Mode Disabled

SW1(config-if)#
*Apr 14 11:19:04.134: %CDP-4-NATIVE_VLAN_MISMATCH: Native VLAN mismatch discovered on GigabitEthernet1/1 (20), with SW2 GigabitEthernet1/1 (1).
*Apr 14 11:19:07.312: %CDP-4-NATIVE_VLAN_MISMATCH: Native VLAN mismatch discovered on GigabitEthernet1/0 (10), with SW2 GigabitEthernet1/0 (1).
*Apr 14 11:19:53.152: %CDP-4-NATIVE_VLAN_MISMATCH: Native VLAN mismatch discovered on GigabitEthernet1/1 (20), with SW2 GigabitEthernet1/1 (1).
*Apr 14 11:20:03.851: %CDP-4-NATIVE_VLAN_MISMATCH: Native VLAN mismatch discovered on GigabitEthernet1/0 (10), with SW2 GigabitEthernet1/0 (1).show int
SW1(config-if)#show interfac
SW1(config-if)#show interfac trunk
                 ^
% Invalid input detected at '^' marker.

SW1(config-if)#show interfac trunk
*Apr 14 11:20:47.764: %CDP-4-NATIVE_VLAN_MISMATCH: Native VLAN mismatch discovered on GigabitEthernet1/1 (20), with SW2 GigabitEthedo show int g1/1 switchport
Name: Gi1/1
Switchport: Enabled
Administrative Mode: static access
Operational Mode: static access
Administrative Trunking Encapsulation: negotiate
Operational Trunking Encapsulation: native
Negotiation of Trunking: Off
Access Mode VLAN: 20 (Marketing)
Trunking Native Mode VLAN: 1 (default)
Administrative Native VLAN tagging: enabled
Voice VLAN: none
Administrative private-vlan host-association: none
Administrative private-vlan mapping: none
Administrative private-vlan trunk native VLAN: none
Administrative private-vlan trunk Native VLAN tagging: enabled
Administrative private-vlan trunk encapsulation: dot1q
Administrative private-vlan trunk normal VLANs: none
Administrative private-vlan trunk associations: none
Administrative private-vlan trunk mappings: none
Operational private-vlan: none
Trunking VLANs Enabled: ALL
Pruning VLANs Enabled: 2-1001
Capture Mode Disabled

SW1(config-if)#show interface trunk
                 ^
% Invalid input detected at '^' marker.

SW1(config-if)#
*Apr 14 11:20:55.725: %CDP-4-NATIVE_VLAN_MISMATCH: Native VLAN mismatch discovered on GigabitEthernet1/0 (10), with SW2 GigabitEthernet1/0 (1).
*Apr 14 11:21:47.232: %CDP-4-NATIVE_VLAN_MISMATCH: Native VLAN mismatch discovered on GigabitEthernet1/1 (20), with SW2 GigabitEthernet1/1 (1).
*Apr 14 11:21:49.073: %CDP-4-NATIVE_VLAN_MISMATCH: Native VLAN mismatch discovered on GigabitEthernet1/0 (10), with SW2 GigabitEthernet1/0 (1).
SW1(config-if)#show inter
SW1(config-if)#show interace g1/2 trnk
                 ^
% Invalid input detected at '^' marker.

SW1(config-if)#show interace g1/2 trunk
                 ^
% Invalid input detected at '^' marker.

SW1(config-if)#do show interace g1/2 trunk
*Apr 14 11:22:45.849: %CDP-4-NATIVE_VLAN_MISMATCH: Native VLAN mismatch discovered on GigabitEthernet1/1 (20), with SW2 GigabitEtheshow interace g1/2 trnk
*Apr 14 11:22:47.360: %CDP-4-NATIVE_VLAN_MISMATCH: Native VLAN mismatch discovered on GigabitEthernet1/0 (10), with SW2 GigabitEthernet1/0 (1unk
                 ^
% Invalid input detected at '^' marker.

SW1(config-if)#show interface g1/2 trunk
                 ^
% Invalid input detected at '^' marker.

SW1(config-if)#do show interface g1/2 trunk

Port        Mode             Encapsulation  Status        Native vlan
Gi1/2       auto             negotiate      not-trunking  1

Port        Vlans allowed on trunk
Gi1/2       1

Port        Vlans allowed and active in management domain
Gi1/2       1

Port        Vlans in spanning tree forwarding state and not pruned
Gi1/2       1
SW1(config-if)#
*Apr 14 11:23:38.133: %CDP-4-NATIVE_VLAN_MISMATCH: Native VLAN mismatch discovered on GigabitEthernet1/0 (10), with SW2 GigabitEthernet1/0 (1).do show
*Apr 14 11:23:43.823: %CDP-4-NATIVE_VLAN_MISMATCH: Native VLAN mismatch discovered on GigabitEthernet1/1 (20), with SW2 GigabitEthernet1/1 (1).int g1/2 switchport
Name: Gi1/2
Switchport: Enabled
Administrative Mode: dynamic auto
Operational Mode: down
Administrative Trunking Encapsulation: negotiate
Negotiation of Trunking: On
Access Mode VLAN: 1 (default)
Trunking Native Mode VLAN: 1 (default)
Administrative Native VLAN tagging: enabled
Voice VLAN: none
Administrative private-vlan host-association: none
Administrative private-vlan mapping: none
Administrative private-vlan trunk native VLAN: none
Administrative private-vlan trunk Native VLAN tagging: enabled
Administrative private-vlan trunk encapsulation: dot1q
Administrative private-vlan trunk normal VLANs: none
Administrative private-vlan trunk associations: none
Administrative private-vlan trunk mappings: none
Operational private-vlan: none
Trunking VLANs Enabled: ALL
Pruning VLANs Enabled: 2-1001
Capture Mode Disabled
Capture VLANs Allowed: ALL
 --More--
*Apr 14 11:24:27.351: %CDP-4-NATIVE_VLAN_MISMATCH: Native VLAN mismatch discovered on GigabitEthernet1/0 (10), with SW2 GigabitEthernet1/0 (1).
*Apr 14 11:24:32.340: %CDP-4-NATIVE_VLAN_MISMATCH: Native VLAN mismatch discovered on GigabitEthernet1/1 (20), with SW2 GigabitEthernet1/1 (1).
*Apr 14 11:25:22.686: %CDP-4-NATIVE_VLAN_MISMATCH: Native VLAN mismatch discovered on GigabitEthernet1/1 (20), with SW2 GigabitEthernet1/1 (1).
*Apr 14 11:25:23.250: %CDP-4-NATIVE_VLAN_MISMATCH: Native VLAN mismatch discovered on GigabitEthernet1/0 (10), with SW2 GigabitEthernet1/0 (1).
*Apr 14 11:26:16.712: %CDP-4-NATIVE_VLAN_MISMATCH: Native VLAN mismatch discovered on GigabitEthernet1/0 (10), with SW2 GigabitEthernet1/0 (1).
*Apr 14 11:26:17.294: %CDP-4-NATIVE_VLAN_MISMATCH: Native VLAN mismatch discovered on GigabitEthernet1/1 (20), with SW2 GigabitEthernet1/1 (1).
*Apr 14 11:27:11.913: %CDP-4-NATIVE_VLAN_MISMATCH: Native VLAN mismatch discovered on GigabitEthernet1/1 (20), with SW2 GigabitEthernet1/1 (1).
*Apr 14 11:27:15.654: %CDP-4-NATIVE_VLAN_MISMATCH: Native VLAN mismatch discovered on GigabitEthernet1/0 (10), with SW2 GigabitEtherne        .
Protected: false

SW1(config-if)#int g1/2
SW1(config-if)#switchport tr
SW1(config-if)#switchport trunk en
SW1(config-if)#switchport trunk encapsulation ?
  dot1q      Interface uses only 802.1q trunking encapsulation when trunking
  isl        Interface uses only ISL trunking encapsulation when trunking
  negotiate  Device will negotiate trunking encapsulation with peer on
             interface

SW1(config-if)#switchport trunk encapsulation dot1q
*Apr 14 11:28:09.593: %CDP-4-NATIVE_VLAN_MISMATCH: Native VLAN mismatch discovered on GigabitEthernet1/1 (20), with SW2 GigabitEthernet1/1 (1).
*Apr 14 11:28:14.240: %CDP-4-NATIVE_VLAN_MISMATCH: Native VLAN mismatch discovered on GigabitEthernet1/0 (10), with SW2 GigabitEthernet1/0 (1).
SW1(config-if)#switchpo
SW1(config-if)#switchport mode trunk
SW1(config-if)#show int g1/2
                 ^
% Invalid input detected at '^' marker.

SW1(config-if)#show int g1/2~
*Apr 14 11:28:59.110: %CDP-4-NATIVE_VLAN_MISMATCH: Native VLAN mismatch discovered on GigabitEthernet1/1 (20), with SW2 GigabitEtdo show int g1/2
GigabitEthernet1/2 is down, line protocol is down (notconnect)
  Hardware is iGbE, address is 0c39.a0fa.0006 (bia 0c39.a0fa.0006)
  MTU 1500 bytes, BW 1000000 Kbit/sec, DLY 10 usec,
     reliability 255/255, txload 1/255, rxload 1/255
  Encapsulation ARPA, loopback not set
  Keepalive set (10 sec)
  Unknown, Unknown, link type is auto, media type is unknown media type
  output flow-control is unsupported, input flow-control is unsupported
  Auto-duplex, Auto-speed, link type is auto, media type is unknown
  input flow-control is off, output flow-control is unsupported
  ARP type: ARPA, ARP Timeout 04:00:00
  Last input never, output never, output hang never
  Last clearing of "show interface" counters never
  Input queue: 0/75/0/0 (size/max/drops/flushes); Total output drops: 0
  Queueing strategy: fifo
  Output queue: 0/0 (size/max)
  5 minute input rate 0 bits/sec, 0 packets/sec
  5 minute output rate 0 bits/sec, 0 packets/sec
     0 packets input, 0 bytes, 0 no buffer
     Received 0 broadcasts (0 multicasts)
     0 runts, 0 giants, 0 throttles
     0 input errors, 0 CRC, 0 frame, 0 overrun, 0 ignored
 --More--
*Apr 14 11:29:03.948: %CDP-4-NATIVE_VLAN_MISMATCH: Native VLAN mismatch discovered on GigabitEthernet1/0 (10), with SW2 GigabitEthern     0 watchdog, 0 multicast, 0 pause input
     0 packets output, 0 bytes, 0 underruns
     0 output errors, 0 collisions, 2 interface resets
     0 unknown protocol drops
     0 babbles, 0 late collision, 0 deferred
     3 lost carrier, 0 no carrier, 0 pause output
     0 output buffer failures, 0 output buffers swapped out
SW1(config-if)#
*Apr 14 11:29:48.689: %CDP-4-NATIVE_VLAN_MISMATCH: Native VLAN mismatch discovered on GigabitEthernet1/1 (20), with SW2 GigabitEthernet1/1 (1).
*Apr 14 11:29:52.318: %CDP-4-NATIVE_VLAN_MISMATCH: Native VLAN mismatch discovered on GigabitEthernet1/0 (10), with SW2 GigabitEthernet1/0 (1).
SW1#
*Apr 14 11:30:30.450: %SYS-5-CONFIG_I: Configured from console by console



remove port from vlan 20:
SW1(config-if)#no switchport access vlan 20
SW1(config-if)#shutdown
SW1(config-if)#do show vlan
*Apr 14 11:59:29.275: %LINK-5-CHANGED: Interface GigabitEthernet1/1, changed state to administratively down

VLAN Name                             Status    Ports
---- -------------------------------- --------- -------------------------------
1    default                          active    Gi0/0, Gi0/1, Gi0/2, Gi0/3
                                                Gi1/1, Gi1/3, Gi2/0, Gi2/1
                                                Gi2/2, Gi2/3, Gi3/0, Gi3/1
                                                Gi3/2, Gi3/3
10   Engineering                      active    Gi1/0
20   Marketing                        active
30   Research                         active
40   Sales                            active
50   Management                       active
1002 fddi-default                     act/unsup
1003 token-ring-default               act/unsup
1004 fddinet-default                  act/unsup
1005 trnet-default                    act/unsup

VLAN Type  SAID       MTU   Parent RingNo BridgeNo Stp  BrdgMode Trans1 Trans2
---- ----- ---------- ----- ------ ------ -------- ---- -------- ------ ------
1    enet  100001     1500  -      -      -        -    -        0      0
10   enet  100010     1500  -      -      -        -    -        0      0
20   enet  100020     1500  -      -      -        -    -        0      0
30   enet  100030     1500  -      -      -        -    -        0      0


SW1#show cdp neighbors
Capability Codes: R - Router, T - Trans Bridge, B - Source Route Bridge
                  S - Switch, H - Host, I - IGMP, r - Repeater, P - Phone,
                  D - Remote, C - CVTA, M - Two-port Mac Relay

Device ID        Local Intrfce     Holdtme    Capability  Platform  Port ID
SW2              Gig 1/2           152             R S I            Gig 1/2
SW3              Gig 1/3           157             R S I            Gig 3/2

#############################
# one of the link between sw1 and sw3 shoulbe never sned any DTP messages.
#############################
SW1(config)#int g1/3
SW1(config-if)#switchpo
SW1(config-if)#switchport noneg
SW1(config-if)#switchport nonegotiate
Command rejected: Conflict between 'nonegotiate' and 'dynamic' status on this interface: Gi1/3
SW1(config-if)#switchpor
SW1(config-if)#switchport trunk enc
SW1(config-if)#switchport trunk encapsulation dot
SW1(config-if)#switchport trunk encapsulation dot1q
SW1(config-if)#switchport mode trunk
SW1(config-if)#switchpo
SW1(config-if)#switchport none
SW1(config-if)#switchport nonegotiate

SW1(config-if)#
SW1#
SW1#
*Apr 14 12:23:43.938: %SYS-5-CONFIG_I: Configured from console by console
SW1#show cdp neighbors
Capability Codes: R - Router, T - Trans Bridge, B - Source Route Bridge
                  S - Switch, H - Host, I - IGMP, r - Repeater, P - Phone,
                  D - Remote, C - CVTA, M - Two-port Mac Relay

Device ID        Local Intrfce     Holdtme    Capability  Platform  Port ID
SW2              Gig 1/2           144             R S I            Gig 1/2
SW3              Gig 1/3           150             R S I            Gig 3/2

Total cdp entries displayed : 2
SW1#
SW1(config)#int vlan 1
SW1(config-if)#ip address 172.17.5.210 255.255.255.0

SW1(config)#int vlan 1
SW1(config-if)#no ip address
SW1(config-if)#no ip address 172.17.5.210 255.255.255.0
SW1(config-if)#


SW1(config-if)#ip dhcp excluded-address 120.254.18.129 120.254.18.136
SW1(config)#ip dhcp pool ?
  WORD  Pool name

SW1(config)#ip dhcp pool mgmt
SW1(dhcp-config)#network 120.254.18.128 255.255.255.240
SW1(dhcp-config)#default-router 120.254.18.129
SW1(dhcp-config)#dns-server 120.254.18.40
SW1(dhcp-config)#lease 0 0 15

SW1(config)#interface Vlan1
SW1(config-if)#no ip address
SW1(config-if)# shutdown
SW1(config-if)#do sh

SW1(config-if)#ip dhcp excluded-address 120.254.18.129 120.254.18.136
SW1(config)#ip dhcp pool mgmt
SW1(dhcp-config)#network 120.254.18.128 255.255.255.240
SW1(dhcp-config)# default-router 120.254.18.129
SW1(dhcp-config)# dns-server 120.254.18.40
SW1(dhcp-config)#lease 0 0 15
SW1(dhcp-config)#login on-success log
SW1(config)#interface Port-channel1
SW1(config-if)# description ESXI uplink
SW1(config-if)# switchport trunk native vlan 100
VLAN id 100 not found in current VLAN configuration
SW1(config-if)# switchport trunk allowed vlan 1,8,61,70,71,100,200
SW1(config-if)# switchport mode trunk
Command rejected: An interface whose trunk encapsulation is "Auto" can not be configured to "trunk" mode.
SW1(config-if)#switchport mode trunk
Command rejected: An interface whose trunk encapsulation is "Auto" can not be configured to "trunk" mode.
SW1(config-if)#switchport enc
SW1(config-if)#switchport enc
SW1(config-if)#switchport trunk en
SW1(config-if)#switchport trunk encapsulation ?
  dot1q      Interface uses only 802.1q trunking encapsulation when trunking
  isl        Interface uses only ISL trunking encapsulation when trunking
  negotiate  Device will negotiate trunking encapsulation with peer on
             interface

SW1(config-if)#switchport trunk encapsulation dot1q
SW1(config-if)#switchport mode trunk



